// Jest Snapshot v1, https://goo.gl/fbAQLP

exports[`renders correctly 1`] = `
<div
  className="ShowMore-showMoreDesktop-0-1-1"
>
  <div
    className="ShowMore-textBoxDesktop-0-1-3"
  >
    view all popular stores
  </div>
</div>
`;
