// Jest Snapshot v1, https://goo.gl/fbAQLP

exports[`StoreItemContainer display properly 1`] = `
<div
  className="StoreItem-storeItem-0-1-1"
  onClick={[Function]}
>
  <img
    alt="icon"
    className="StoreItem-icon-0-1-3"
    src="logoUrlTest"
  />
  <span
    className="StoreItem-name-0-1-4"
  >
    displayTextTest
  </span>
</div>
`;
