// Jest Snapshot v1, https://goo.gl/fbAQLP

exports[`StupidComponentContainer def 1`] = `
<p>
  hi there
</p>
`;
