// Jest Snapshot v1, https://goo.gl/fbAQLP

exports[`renders correctly 1`] = `
<div>
  <div
    className="CategoriesAndStores-wrapper-0-1-1"
  >
    <div
      className="TabBar-tabBar-0-1-2"
    />
    <div
      className="StoreList-storeList-0-1-5"
    >
      <div
        className="ShowMore-showMoreDesktop-0-1-6"
      >
        <div
          className="ShowMore-textBoxDesktop-0-1-8"
        >
          view all popular stores
        </div>
      </div>
    </div>
  </div>
</div>
`;
